[2026-07-11 18:18:29] START probs=20 tasks=20 resume=0 out=C:\Users\82103\OneDrive\바탕 화면\OGC2026\OGC_2026\reports\scoring_sweep\runs\20260711_181829_forced_risk_05_r1
[2026-07-11 18:18:29]   mode=anytime · anytime horizon=55s(member0 단일 ALNS, 시계=load+preprocess+alns, 진단 제외) · real timelimits=[30.0, 60.0] grace=0.15 · scoring_profile=forced_risk_05 · 체크포인트=['10', '20', '30', '40', '50', '55', '60', '90', '120', '150', '180']
[2026-07-11 18:18:29] numba JIT warmup...
[2026-07-11 18:18:40] warmup done.
[2026-07-11 18:19:45]   train/prob_1|anytime|h55|sp=forced_risk_05 feas=True first=10.3s last_imp=30.8s sat=Y iters=17 obj=15682114 (64.849s)
[2026-07-11 18:20:47]   train/prob_2|anytime|h55|sp=forced_risk_05 feas=True first=6.5s last_imp=52.4s sat=N iters=30 obj=3032414 (62.421s)
[2026-07-11 18:21:50]   train/prob_3|anytime|h55|sp=forced_risk_05 feas=True first=7.8s last_imp=50.3s sat=N iters=28 obj=6951153 (62.989s)
[2026-07-11 18:22:57]   train/prob_4|anytime|h55|sp=forced_risk_05 feas=True first=12.5s last_imp=19.7s sat=Y iters=15 obj=9599634 (66.238s)
[2026-07-11 18:24:02]   train/prob_5|anytime|h55|sp=forced_risk_05 feas=True first=9.1s last_imp=32.0s sat=Y iters=20 obj=4958972 (65.018s)
[2026-07-11 18:25:11]   train/prob_6|anytime|h55|sp=forced_risk_05 feas=True first=12.1s last_imp=12.1s sat=Y iters=11 obj=36954655 (69.098s)
[2026-07-11 18:26:17]   train/prob_7|anytime|h55|sp=forced_risk_05 feas=True first=8.8s last_imp=8.8s sat=Y iters=14 obj=7797465 (66.083s)
[2026-07-11 18:27:23]   train/prob_8|anytime|h55|sp=forced_risk_05 feas=True first=7.3s last_imp=40.6s sat=Y iters=25 obj=1981488 (65.138s)
[2026-07-11 18:28:44]   train/prob_9|anytime|h55|sp=forced_risk_05 feas=True first=27.6s last_imp=43.8s sat=Y iters=3 obj=81241733 (81.537s)
[2026-07-11 18:30:00]   train/prob_10|anytime|h55|sp=forced_risk_05 feas=True first=16.9s last_imp=54.2s sat=N iters=6 obj=23163337 (75.595s)
[2026-07-11 18:31:18]   train/prob_11|anytime|h55|sp=forced_risk_05 feas=True first=21.1s last_imp=21.1s sat=Y iters=4 obj=12914335 (77.694s)
[2026-07-11 18:32:30]   train/prob_12|anytime|h55|sp=forced_risk_05 feas=True first=14.4s last_imp=39.9s sat=Y iters=8 obj=24443852 (71.527s)
[2026-07-11 18:33:41]   train/prob_13|anytime|h55|sp=forced_risk_05 feas=True first=16.8s last_imp=16.8s sat=Y iters=5 obj=37453180 (71.374s)
[2026-07-11 18:35:12]   train/prob_14|anytime|h55|sp=forced_risk_05 feas=True first=45.5s last_imp=45.5s sat=N iters=1 obj=159275099 (90.711s)
[2026-07-11 18:36:23]   train/prob_15|anytime|h55|sp=forced_risk_05 feas=True first=13.1s last_imp=29.6s sat=Y iters=10 obj=10255589 (70.061s)
[2026-07-11 18:37:30]   train/prob_16|anytime|h55|sp=forced_risk_05 feas=True first=9.5s last_imp=17.9s sat=Y iters=15 obj=9434805 (67.548s)
[2026-07-11 18:38:42]   train/prob_17|anytime|h55|sp=forced_risk_05 feas=True first=13.9s last_imp=41.1s sat=Y iters=8 obj=21699661 (71.119s)
[2026-07-11 18:39:59]   train/prob_18|anytime|h55|sp=forced_risk_05 feas=True first=19.1s last_imp=19.1s sat=Y iters=4 obj=105661494 (77.543s)
[2026-07-11 18:41:12]   train/prob_19|anytime|h55|sp=forced_risk_05 feas=True first=14.5s last_imp=50.5s sat=N iters=7 obj=26675769 (72.788s)
[2026-07-11 18:42:42]   train/prob_20|anytime|h55|sp=forced_risk_05 feas=True first=29.3s last_imp=29.3s sat=Y iters=2 obj=93401555 (88.82s)
[2026-07-11 18:42:42] DONE 20/20 report=C:\Users\82103\OneDrive\바탕 화면\OGC2026\OGC_2026\reports\scoring_sweep\runs\20260711_181829_forced_risk_05_r1\perf_report.md
