prob_1 T=30.0: rescue=25674987 dispatch=561576.0 wall=18.458479000022635
prob_5 T=30.0: rescue=20486012 dispatch=461654.0 wall=18.59628180001164
prob_9 T=30.0: rescue=186069505 dispatch=369902.0 wall=18.746641100005945
prob_14 T=30.0: rescue=229853759 dispatch=606449.0 wall=18.704423100018175
prob_20 T=30.0: rescue=-1 dispatch=4333775.0 wall=18.906080199987628
prob_23 T=30.0: rescue=-1 dispatch=8890300.0 wall=18.093897100014146
prob_26 T=30.0: rescue=-1 dispatch=45245129.0 wall=18.101541399984853
prob_27 T=30.0: rescue=-1 dispatch=54996807.0 wall=18.146973100025207
prob_38 T=30.0: rescue=2159851296 dispatch=517065700.0 wall=18.307816699991236
prob_39 T=30.0: rescue=-1 dispatch=45832615.0 wall=18.190095300000394
prob_1 T=60.0: rescue=15594841 dispatch=438430.0 wall=48.565151799994055
prob_5 T=60.0: rescue=6541655 dispatch=461654.0 wall=48.653202200017404
prob_9 T=60.0: rescue=85924201 dispatch=305382.0 wall=48.94187270000111
prob_14 T=60.0: rescue=205622345 dispatch=606449.0 wall=49.04505800001789
prob_20 T=60.0: rescue=116895182 dispatch=3819760.0 wall=48.85886939999182
prob_23 T=60.0: rescue=-1 dispatch=7858365.0 wall=48.641535200004
prob_26 T=60.0: rescue=671509472 dispatch=35152048.0 wall=48.7268871999986
prob_27 T=60.0: rescue=-1 dispatch=47337005.0 wall=48.83544369999436
prob_38 T=60.0: rescue=1905057666 dispatch=108102591.0 wall=48.405334200011566
prob_39 T=60.0: rescue=-1 dispatch=45832615.0 wall=48.26400269998703

T=30.0: dispatch -1 count = 0 (G1 기준 T=30: 0), median dObj = -97.8% (G2 기준 T=60: <= 0%)
  prob_26: rescue=-1 dispatch=45245129.0
  prob_27: rescue=-1 dispatch=54996807.0
  prob_38: -76.1% (G2 개별 기준: <= -10%)
  prob_39: rescue=-1 dispatch=45832615.0

T=60.0: dispatch -1 count = 0 (G1 기준 T=30: 0), median dObj = -96.7% (G2 기준 T=60: <= 0%)
  prob_26: -94.8% (G2 개별 기준: <= -10%)
  prob_27: rescue=-1 dispatch=47337005.0
  prob_38: -94.3% (G2 개별 기준: <= -10%)
  prob_39: rescue=-1 dispatch=45832615.0
