[2026-07-11 19:07:00] START probs=20 tasks=20 resume=0 out=C:\Users\82103\OneDrive\바탕 화면\OGC2026\OGC_2026\reports\scoring_sweep\runs\20260711_190659_forced_risk_20_r1
[2026-07-11 19:07:00]   mode=anytime · anytime horizon=55s(member0 단일 ALNS, 시계=load+preprocess+alns, 진단 제외) · real timelimits=[30.0, 60.0] grace=0.15 · scoring_profile=forced_risk_20 · 체크포인트=['10', '20', '30', '40', '50', '55', '60', '90', '120', '150', '180']
[2026-07-11 19:07:00] numba JIT warmup...
[2026-07-11 19:07:10] warmup done.
[2026-07-11 19:08:15]   train/prob_1|anytime|h55|sp=forced_risk_20 feas=True first=9.1s last_imp=9.1s sat=Y iters=16 obj=15084541 (64.868s)
[2026-07-11 19:09:17]   train/prob_2|anytime|h55|sp=forced_risk_20 feas=True first=5.8s last_imp=26.8s sat=Y iters=33 obj=238638 (62.079s)
[2026-07-11 19:10:20]   train/prob_3|anytime|h55|sp=forced_risk_20 feas=True first=7.7s last_imp=41.8s sat=Y iters=29 obj=5271042 (62.79s)
[2026-07-11 19:11:26]   train/prob_4|anytime|h55|sp=forced_risk_20 feas=True first=11.6s last_imp=18.9s sat=Y iters=20 obj=10398858 (65.981s)
[2026-07-11 19:12:31]   train/prob_5|anytime|h55|sp=forced_risk_20 feas=True first=8.9s last_imp=28.7s sat=Y iters=20 obj=5911426 (65.087s)
[2026-07-11 19:13:38]   train/prob_6|anytime|h55|sp=forced_risk_20 feas=True first=11.2s last_imp=40.4s sat=Y iters=13 obj=23758753 (67.337s)
[2026-07-11 19:14:43]   train/prob_7|anytime|h55|sp=forced_risk_20 feas=True first=8.2s last_imp=8.2s sat=Y iters=17 obj=7797465 (64.205s)
[2026-07-11 19:15:46]   train/prob_8|anytime|h55|sp=forced_risk_20 feas=True first=6.5s last_imp=25.1s sat=Y iters=30 obj=1981488 (63.394s)
[2026-07-11 19:17:05]   train/prob_9|anytime|h55|sp=forced_risk_20 feas=True first=23.9s last_imp=47.8s sat=N iters=3 obj=64370264 (78.728s)
[2026-07-11 19:18:20]   train/prob_10|anytime|h55|sp=forced_risk_20 feas=True first=18.5s last_imp=18.5s sat=Y iters=5 obj=17261184 (74.302s)
[2026-07-11 19:19:35]   train/prob_11|anytime|h55|sp=forced_risk_20 feas=True first=18.9s last_imp=32.9s sat=Y iters=4 obj=9360871 (75.007s)
[2026-07-11 19:20:44]   train/prob_12|anytime|h55|sp=forced_risk_20 feas=True first=11.6s last_imp=53.8s sat=N iters=10 obj=36748874 (69.227s)
[2026-07-11 19:21:56]   train/prob_13|anytime|h55|sp=forced_risk_20 feas=True first=15.8s last_imp=42.3s sat=Y iters=7 obj=37153037 (71.191s)
[2026-07-11 19:23:33]   train/prob_14|anytime|h55|sp=forced_risk_20 feas=True first=43.3s last_imp=43.3s sat=Y iters=1 obj=153390581 (96.561s)
[2026-07-11 19:24:42]   train/prob_15|anytime|h55|sp=forced_risk_20 feas=True first=12.7s last_imp=24.2s sat=Y iters=11 obj=11304301 (69.106s)
[2026-07-11 19:25:49]   train/prob_16|anytime|h55|sp=forced_risk_20 feas=True first=8.4s last_imp=8.4s sat=Y iters=17 obj=6718965 (67.066s)
[2026-07-11 19:27:01]   train/prob_17|anytime|h55|sp=forced_risk_20 feas=True first=12.6s last_imp=12.6s sat=Y iters=9 obj=16716960 (71.827s)
[2026-07-11 19:28:19]   train/prob_18|anytime|h55|sp=forced_risk_20 feas=True first=18.4s last_imp=33.0s sat=Y iters=5 obj=46779785 (77.361s)
[2026-07-11 19:29:31]   train/prob_19|anytime|h55|sp=forced_risk_20 feas=True first=14.5s last_imp=53.8s sat=N iters=10 obj=26568550 (72.622s)
[2026-07-11 19:30:56]   train/prob_20|anytime|h55|sp=forced_risk_20 feas=True first=25.5s last_imp=25.5s sat=Y iters=2 obj=76868015 (84.684s)
[2026-07-11 19:30:56] DONE 20/20 report=C:\Users\82103\OneDrive\바탕 화면\OGC2026\OGC_2026\reports\scoring_sweep\runs\20260711_190659_forced_risk_20_r1\perf_report.md
